name: cave
materials: dungeon
quiet: 
size: 32x32
start: 1 1 east
walls:
################################
#..............................#
#..............................#
#..............................#
#..............................#
#..............................#
#..............................#
#..............................#
#..............................#
#..............................#
#..............................#
#..............................#
#..............................#
#..............................#
#..............................#
#..............................#
#..............................#
#..............................#
#..............................#
#..............................#
#..............................#
#..............................#
#..............................#
#..............................#
#..............................#
#..............................#
#..............................#
#..............................#
#..............................#
#..............................#
#..............................#
################################
floor:
ssssssssssssssssssssssssssssssss
ssssssssssssssssssssssssssssssss
ssssssssssssssssssssssssssssssss
ssssssssssssssssssssssssssssssss
ssssssssssssssssssssssssssssssss
ssssssssssssssssssssssssssssssss
ssssssssssssssssssssssssssssssss
ssssssssssssssssssssssssssssssss
ssssssssssssssssssssssssssssssss
ssssssssssssssssssssssssssssssss
ssssssssssssssssssssssssssssssss
ssssssssssssssssssssssssssssssss
ssssssssssssssssssssssssssssssss
ssssssssssssssssssssssssssssssss
ssssssssssssssssssssssssssssssss
ssssssssssssssssssssssssssssssss
ssssssssssssssssssssssssssssssss
ssssssssssssssssssssssssssssssss
ssssssssssssssssssssssssssssssss
ssssssssssssssssssssssssssssssss
ssssssssssssssssssssssssssssssss
ssssssssssssssssssssssssssssssss
ssssssssssssssssssssssssssssssss
ssssssssssssssssssssssssssssssss
ssssssssssssssssssssssssssssssss
ssssssssssssssssssssssssssssssss
ssssssssssssssssssssssssssssssss
ssssssssssssssssssssssssssssssss
ssssssssssssssssssssssssssssssss
ssssssssssssssssssssssssssssssss
ssssssssssssssssssssssssssssssss
ssssssssssssssssssssssssssssssss
decor:
................................
................................
................................
................................
................................
................................
................................
................................
................................
................................
................................
................................
................................
................................
................................
................................
................................
................................
................................
................................
................................
................................
................................
................................
................................
................................
................................
................................
................................
................................
................................
................................
props:
................................
................................
................................
................................
................................
................................
................................
................................
................................
................................
................................
................................
................................
................................
................................
................................
................................
................................
................................
................................
................................
................................
................................
................................
................................
................................
................................
................................
................................
................................
................................
................................
ceiling:
................................
................................
................................
................................
................................
................................
................................
................................
................................
................................
................................
................................
................................
................................
................................
................................
................................
................................
................................
................................
................................
................................
................................
................................
................................
................................
................................
................................
................................
................................
................................
................................
elevation:
CCCCCCCCCCCCCCCCCCCCCCCBBBBBBBBB
CCCCCCCCCCCCCCCCCCCCCCCAAAAAAAAB
CCCCCCCCCCCCCCCCCCCCCCCAAAAAAAAB
CCCCCCCCCCCCCCCCCCCCCCCAAAAAAAAB
CCCCCCCCCCCCCCCCCCCCCCCAAAAAAAAB
CCCCCCCCCCCCCCCCCCCCCCCAAAAAAAAB
CCCCCCCCCCCCCCCCCCCCCCCAAAAAAAAB
CCCCCCCCCCCCCCCCCCCCCCCAAAAAAAAB
CCCCCCCCCCCCCCCCCCCCCCCAAAAAAAAB
CCCCCCCCCCCCCCCCCCCCCCCAAAAAAAAB
CCCCCCCCCCCCCCCCCCCCCCCAAAAAAAAB
CCCCCCCCCCCCCCCCCCCCCCCAAAAAAAAB
CCCCCCCCCCCCCCCCCCCCCCCAAAAAAAAB
CCCCCCCCCCCCCCCCCCCCCCCAAAAAAAAB
CCCCCCCCCCCCCCCCCCCCCCCAAAAAAAAB
CCCCCCCCCCCCCCCCCCCCCCCAAAAAAAAB
CCCCCCCCCCCCCCCCCCCCCCCAAAAAAAAB
CCCCCCCCCCCCCCCCCCCCCCCAAAAAAAAB
CCCCCCCCCCCCCCCCCCCCCCCAAAAAAAAB
CCCCCCCCCCCCCCCCCCCCCCCAAAAAAAAB
CCCCCCCCCCCCCCCCCCCCCCCAAAAAAAAB
BAAAAAAAAAAAAAAAAAAAAAAAAAAAAAAB
BAAAAAAAAAAAAAAAAAAAAAAAAAAAAAAB
BAAAAAAAAAAAAAAAAAAAAAAAAAAAAAAB
BAAAAAAAAAAAAAAAAAAAAAAAAAAAAAAB
BAAAAAAAAAAAAAAAAAAAAAAAAAAAAAAB
BAAAAAAAAAAAAAAAAAAAAAAAAAAAAAAB
BAAAAAAAAAAAAAAAAAAAAAAAAAAAAAAB
BAAAAAAAAAAAAAAAAAAAAAAAAAAAAAAB
BAAAAAAAAAAAAAAAAAAAAAAAAAAAAAAB
BAAAAAAAAAAAAAAAAAAAAAAAAAAAAAAB
BBBBBBBBBBBBBBBBBBBBBBBBBBBBBBBB
solids:
################################
################################
################################
################################
################################
################################
################################
################################
################################
################################
################################
################################
################################
################################
################################
################################
################################
################################
################################
################################
################################
################################
################################
################################
################################
################################
################################
################################
################################
################################
################################
################################
################################
################################
################################
################################
################################
################################
################################
################################
################################
################################
################################
################################
################################
################################
################################
################################
################################
################################
################################
################################
################################
################################
################################
################################
################################
################################
################################
################################
################################
################################
################################
################################
################################
################################
################################
################################
################################
################################
################################
################################
################################
################################
################################
################################
################################
################################
################################
################################
################################
################################
################################
################################
################################
################################
################################
################################
################################
################################
################################
################################
################################
################################
################################
################################
################################
################################
################################
################################
################################
################################
################################
################################
################################
################################
################################
################################
################################
################################
################################
################################
################################
################################
################################
################################
################################
################################
################################
################################
################################
################################
################################
################################
################################
################################
################################
################################
################################
################################
################################
################################
################################
################################
################################
################################
################################
################################
################################
################################
################################
################################
################################
################################
################################
################################
################################
################################
################################
################################
################################
################################
################################
################################
################################
################################
################################
################################
################################
################################
################################
################################
################################
################################
################################
################################
################################
################################
################################
################################
################################
################################
################################
################################
################################
################################
################################
################################
################################
################################
################################
################################
################################
################################
################################
################################
################################
################################
################################
################################
################################
################################
################################
################################
################################
################################
################################
################################
################################
################################
################################
################################
################################
################################
################################
################################
################################
################################
################################
################################
################################
################################
################################
################################
################################
################################
################################
################################
################################
################################
################################
################################
################################
################################
################################
################################
################################
################################
################################
################################
################################
################################
################################
################################
################################
################################
################################
################################
################################
################################
################################
################################
################################
################################
################################
################################
################################
################################
################################
################################
################################
################################
################################
################################
################################
################################
################################
################################
################################
################################
################################
################################
################################
################################
################################
################################
################################
################################
################################
################################
################################
################################
################################
################################
################################
################################
################################
################################
################################
################################
################################
################################
################################
################################
################################
################################
################################
################################
################################
################################
################################
################################
################################
################################
################################
################################
################################
################################
################################
################################
################################
################################
################################
################################
################################
################################
################################
################################
################################
################################
################################
################################
################################
################################
################################
################################
################################
################################
################################
################################
################################
################################
################################
################################
################################
################################
################################
################################
################################
################################
################################
################################
################################
################################
################################
################################
################################
################################
################################
################################
################################
################################
################################
################################
################################
################################
################################
################################
################################
################################
################################
################################
################################
#0000###############00000000000#
#00000####00####000000000000000#
##000000##000##0000000000000000#
###000000##00000000000000000000#
####0000###000000####0000000000#
#####000##000000#####0000000000#
#0###000000000#####000000000000#
#000###000000#####0000000000000#
#00000#000########0000000000000#
##0000#000#####0000000000000000#
###000#000###000000000000000000#
###0000000#00000000000000000000#
####000000000000000000000000000#
####000000000000000000000000000#
####000000000000000000000000000#
#000000000000000000000000000000#
#000000000000000000000000000000#
#000000000000000000000000000000#
#000000000000000000000000000000#
#000000000000000000000000000000#
#000000000000000000000000000000#
#000000000000000000000000000000#
#000000000000000000000000000000#
#000000000000000000000000000000#
#000000000000000000000000000000#
#000000000000000000000000000000#
#000000000000000000000000000000#
#000000000000000000000000000000#
#000000000000000000000000000000#
#000000000000000000000000000000#
################################
#######################000000000
#######################000000000
#######################000000000
#######################000000000
#######################000000000
#######################000000000
#######################000000000
#######################000000000
#######################000000000
#######################000000000
#######################000000000
#######################000000000
#######################000000000
#######################000000000
#######################000000000
#######################000000000
#######################000000000
#######################000000000
#######################000000000
#######################000000000
#######################000000000
00000000000000000000000000000000
00000000000000000000000000000000
00000000000000000000000000000000
00000000000000000000000000000000
00000000000000000000000000000000
00000000000000000000000000000000
00000000000000000000000000000000
00000000000000000000000000000000
00000000000000000000000000000000
00000000000000000000000000000000
00000000000000000000000000000000
enemies:
chests:
doors:
door_1 forest_path door_1 3 1 north building
crystals:
