name: Stone Labyrinth
materials: dungeon
quiet: The dungeon is quiet.
size: 16x16
start: 1 1 east
walls:
################
#..............#
#.####.#####.#.#
#.#..#.#...#.#.#
#.#..#.#.#.#.#.#
#.#....#.#.#.#.#
#.######.#.#.#.#
#........#.#...#
#.########.###.#
#..............#
#.####.######..#
#.#......#.....#
#.#.####.#.###.#
#.#.#......#...#
#...############
################
floor:
................
................
................
................
................
................
................
................
................
.cccccccccccccc.
................
................
................
................
.www............
................
decor:
................
.*............*.
................
................
................
................
................
................
................
................
................
.....x!.........
................
........oo......
................
................
props:
................
................
................
...CR...........
............S...
................
................
.............M..
................
.....P....P.....
................
................
................
................
...F............
................
ceiling:
################
################
################
################
################
################
################
################
################
################
################
################
################
################
################
################
enemies:
rat 6 1
bat 7 1
goblin 9 3
rat 9 7
bat 10 7
goblin,goblin_mage 12 1
amoeba 14 9
rat 3 13
bat,diseased_rat 4 13
diseased_rat 5 13
amoeba 1 13
chests:
doors:
from_swamp swamp to_dungeon 2 1 east
