name: Stone Labyrinth
materials: dungeon
quiet: The dungeon is quiet.
size: 16x16
start: 1 1 east
walls:
################
#..............#
#.####.#####.#.#
#.#..#.#...#.#.#
#.#..#.#.#.#.#.#
#.#....#.#.#.#.#
#.######.#.#.#.#
#........#.#...#
#.########.###.#
#..............#
#.####.######..#
#.#......#.....#
#.#.####.#.###.#
#.#.#......#...#
#...############
################
floor:
................
................
................
................
................
................
................
................
................
................
................
................
................
................
................
................
decor:
................
................
................
................
................
................
................
................
................
................
................
................
................
................
................
................
props:
................
................
................
................
................
................
................
................
................
................
................
................
................
................
................
................
enemies:
rat 6 1
bat 7 1
rat 9 7
bat 10 7
rat 3 13
bat 4 13
rat 5 13
