name: Green Field
materials: field
quiet: The field is quiet.
size: 30x22
start: 14 11 east
walls:
##############################
##.##....#####.....###########
##......####............##...#
##......##...................#
##...........................#
#...........................##
#...........................##
##..........................##
##..........................##
##..........................##
##..........................##
##...........................#
##...........................#
##...........................#
#............................#
#............................#
#..........................#.#
#..........................###
#..........................###
##..........######.........###
###.......########........####
##############################
floor:
..............................
..............................
..............................
..............................
..............................
..............................
..............................
..............................
..............................
..............................
..............................
..............ccccccc.........
..............................
..............................
..............................
..............................
..............................
..............................
..............................
..............................
.....nnnnn....................
..............................
decor:
..............................
..............................
..............................
..............................
..............................
..............................
..............................
..............................
..............................
..............................
...,..f....,......f....,..f...
..............................
..............................
..............................
..............................
..............................
..............................
...t.....t..........l.........
..............................
..............................
..............................
..............................
props:
..............................
..X............XXXB...........
................TB........BTX.
.....T....TT.T........T....BX.
.........BB...................
.X.......T.....O..............
.XT.....X.........T......T....
..TB..........................
..BB.....B....................
....T............B............
............X........T........
....................Q.....O...
...O........................X.
..........................BTX.
.....F.T........X..........TX.
...............M........T.....
......B............O..........
.X..........B.B...............
.X....T....XB.......T..B......
....TT................TTB.....
.....XXX............XXXX......
..............................
enemies:
rat,rat 6 1
diseased_rat,rat 7 1
vampire_bat,bat 9 7
rat,bat,rat 10 7
wisp 3 13
rat,diseased_rat,rat 4 13
goblin,vampire_bat 5 13
wisp,wisp 22 4
cave_spider,rat 25 17
vampire_bat,vampire_bat 18 14
