name: Green Field
materials: field
quiet: The field is quiet.
size: 30x22
start: 14 11 east
walls:
##############################
##.##....#####.....###########
##......####............##...#
##......##...................#
##...........................#
#...........................##
#...........................##
##..........................##
##..........................##
##..........................##
##..........................##
##...........................#
##...........................#
##...........................#
#............................#
#............................#
#..........................#.#
#..........................###
#..........................###
##..........######.........###
###.......########........####
##############################
floor:
..............................
..............................
..............................
..............................
..............................
..............................
..............................
..............................
..............................
..............................
..............................
..............................
..............................
..............................
..............................
..............................
..............................
..............................
..............................
..............................
..............................
..............................
decor:
..............................
..............................
..............................
..............................
..............................
..............................
..............................
..............................
..............................
..............................
..............................
..............................
..............................
..............................
..............................
..............................
..............................
..............................
..............................
..............................
..............................
..............................
props:
..............................
..X............XXXB...........
................TB........BTX.
.....T....TT.T........T....BX.
.........BB...................
.X.......T.....O..............
.XT.....X.........T......T....
..TB..........................
..BB.....B....................
....T............B............
............X........T........
..........................O...
...O........................X.
..........................BTX.
.......T........X..........TX.
........................T.....
......B............O..........
.X..........B.B...............
.X....T....XB.......T..B......
....TT................TTB.....
.....XXX............XXXX......
..............................
enemies:
rat 6 1
rat 7 1
bat 9 7
rat 10 7
bat 3 13
rat 4 13
bat 5 13
