name: forest
materials: dungeon
quiet: 
size: 16x16
start: 1 1 east
walls:
################
#..............#
#..............#
#..............#
#..............#
#..............#
#..............#
#..............#
#..............#
#..............#
#..............#
#..............#
#..............#
#..............#
#..............#
################
floor:
gg..gggggggg....
g.....gggggggggg
gggs..gggggggggg
ggggg..ggggggggg
gggggg...gkgg..g
gg...g..ggkggg.g
.ggk.ggg.ggkkgg.
..gkkkg~~.gkkggg
.gggkkk~~.ggkkg.
gggggkkk..ggkgg.
gggggkgk...kkkkg
ggg.gggggg...kkg
gggg.~g...g.kkgg
.g.~~~~g..g.gggg
ggg~WW~gggggggg.
.gggg..gggggggg.
decor:
................
................
................
................
................
................
................
................
................
................
................
................
................
................
................
................
props:
................
...|XX|XX|//..X.
.............@|.
........./..X@|.
././../@@/....X.
.|/X../XXX../.X.
.X..........X...
.X//....@X|.XX@.
./.......@@...|.
.|X@....../..@X.
.XX/...X........
.X....@@/.....X.
.X....../..X/.X.
.X../XX...X@/.X.
.X|../XXX/XXX|X.
................
ceiling:
................
................
................
................
................
................
................
................
................
................
................
................
................
................
................
................
enemies:
goblin,goblin 5 2
cave_spider,bat 10 4
venus_mantrap 3 6
goblin,cave_spider,goblin 7 8
goblin_mage,wisp 13 10
diseased_rat,diseased_rat 3 11
venus_mantrap,cave_spider 7 13
wisp,wisp 12 2
cave_spider,goblin 6 12
vampire_bat 11 6
chests:
