name: forest_path
materials: field
quiet: 
size: 60x20
start: 1 1 east
walls:
############################################################
#......#######.......###########################.....#######
#........####........####....####..#########...........#####
#.........###.........##......##......##.................###
###.........##........##...............#..................##
#####........##......###..................................##
######........#.....###...................................##
#######.............##.....................................#
#######.........#.###......................................#
##...###........####.......................................#
##...............##........................................#
##........###.............................................##
##..###...#####.............##............................##
#...###....####.............###..........................###
#....##....####......##...###............................###
#.....##....###......##..####...........................####
#......##...##.....#########.................###........####
#.......#.........##########........###.....####......######
##.....##.........###########....########.##################
############################################################
floor:
kkkkkkkkkkkkkkkkkkkkkkkkkkkkkkkkkkkkkkkkkkkkkkkkkkkkkkkkkkkk
kkkkkkkkkkkkkkkkkkkkkkkkkkkkkkkkkkkkkkkkkkkkkkkkkkkkkkkkkkkk
kkkkgkkkkkkkkkkkkkkkkkkkkkkkkkkkkkkkkkkkkkkkkkkkkkkkkkkkkkkk
kkkkgggkkkkkkkkkkkkkkkkkkkkkkkkkkkkkkkkkkkkkkkkkkkkkkkkkkkkk
kkkkkkggkkkkkkkkkkkkkkkkkkkkkkkkkkkkkkkkkkkkkkkkkkkkkkkkkkkk
kkkkkkkgggkkkkkkkkkkkkkkkkkkkkkkkkkkkkkkkkkkkkvvkkkkkkkkkkkk
kkkkkkkkkggkkkkkkkkkkkkkkkkkkkkkkkkkkkkkkkkkk.kk..kkkkkkkkkk
kkkkkkkkkkgggkkkkkkkkkkkkkkkggkkkkgkkgkkkkkkk>kkk<kkggkkkkkk
kkkkkkkkkkkkggkkkkkkkkkkkkkggkkkkkkkkgvkkkkkk.kkk<kgggkkkkkk
kkkkkkkkkkkkkgkkkkkkkkkkkkggkkkkkkkkkggkkkkkkkk^kkkgggkkkkkk
kkkkkkkkgkkkkkkkkkkkkkkkkggkkkkkkkkkgg^kkkkkkkkkkggggkkkkkkk
kkkgkgkkgkkkkkkkkkggkkkgggkkkkkkkkkkgkkkkkkkkggkkkkkkkkkkkkk
kkgkkkkkkkkkkkkkgggkkkggkkkkkkkkkkkkkkkkggkkggkkkkkkkkkkkkkk
kkgkkkkkkkkkkkkgggkkkkkkkkkkkkkkkkkgkkggggggkkkkkkkkkkkkkkkk
kkgkkkkkkkkkkkkkggkkkkkkkkkkkkkkkkgggggkkkkkkkkkkkkkkkkkkkkk
kkkgkkkkkkgkkkkkgkkkkkkkkkkkkkkkkkkggkkkkkkkkkkkkkkkkkkkkkkk
kkkggkkkkkkgkkkkkkkkkkkkkkkkkkkkkkkkkkkkkkkkkkkkkkkkkkkkkkkk
kkkkkkkkkkkkgkkkkkkkkkkkkkkkkkkkkkkkkkkkkkkkkkkkkkkkkkkkkkkk
kkkkkkkkkkkkkkkkkkkkkkkkkkkkkkkkkkkkkkkkkkkkkkkkkkkkkkkkkkkk
kkkkkkkkkkkkkkkkkkkkkkkkkkkkkkkkkkkkkkkkkkkkkkkkkkkkkkkkkkkk
decor:
............................................................
...............b....................................b.......
......b........bb.vf.........................b..b..fb.......
.............r...f.......,,,.....bb.r........b..br.vf,......
...,,..f.v.r..r.................b..f.r.........bb...fv,..r..
.....,................................................bb....
......r.................b................................r..
..................,,...b....................................
.................,................b.........................
..................................b.....................f...
.........................................................r..
....,,.......,............b.................................
.......................f.b...............................r..
............................................................
.r..................r................,r...........rr,.r.....
.r......r..........r...........f.r...,bbf.vf......v,........
................f.b.........b..v,,.....b.bvv......,b........
....r.....r....f.b...........b....................b.........
.....bb.....b...............................................
............................................................
props:
............................................................
...TT|X.......X.||||X...........................TTXB........
.....|..T....B...........XBTT....XX.........|.XT.....||.....
.T.......T....@.........X...TT..|....T..BBT.B.||......||X...
....................TT..X....TTT.@......TT.............||...
....................T...@.....|||.......................|T..
...................T...T......@.........................|...
......................T...................................T.
.....................T@............@......./................
..TT................TT...........T.@......................X.
..........TT@.......T.........../|T...........@...........X.
............................T............................X..
..........................TT...........T............@.......
.T.....T........@........TT............................@....
.......T................TT...........................|.TT...
.......................BT..........@@........||.....||TX....
.B.......T.........................|||B.B...........|TXX....
.XB......T......T...........T..@@|.|...XXTTT....||.TXT......
..XTX....XXB..XTTX...........TTXX........X..................
............................................................
ceiling:
............................................................
............................................................
............................................................
............................................................
............................................................
............................................................
............................................................
............................................................
............................................................
............................................................
............................................................
............................................................
............................................................
............................................................
............................................................
............................................................
............................................................
............................................................
............................................................
............................................................
elevation:
000000012222200000022222222222222211111011111100000000001122
000000000121000000000012111102222000001011110000000000001112
000000000012000000000000000000000000000011100000000000000011
000000000000000000000000000000000000000000000000000000000011
000000000000000000000000000000000000000000000000000000000011
110000000000000000000000000000000000000000000000000000000001
221000000000000000002100000000000000001000000011100000000000
222100000000000000001000000000000000010100000012100000000000
220000000000000000000000000000000000000000000011100000000000
100000000000000000100000000000000000001000000000000000000000
000000000000000000000000000000000000000000000000000000000000
000000000000000000000000000000000000000000000000000000000000
000000000001100000000000000000000000000000000000000000000000
000000000000200000000000000000000000000000000000000000000001
000000000000210000000000000000000000000000000000000000000001
000000000000010000000000000000000000000000000000000000000011
000000000000000000000000010000000000000000000000000000000111
100000000000000000001122111000000000000000000000000000000112
100000000000000000011122221100000000110000000122000000022222
110000000000000001111222222100000011110000011222000001112222
enemies:
rat,rat,diseased_rat 8 5
rat,bat,rat 8 11
chests:
