name: forest_path
materials: field
quiet: 
size: 60x20
start: 1 1 east
walls:
############################################################
#......#######.......###########################.....#######
#........####........####....####..#########...........#####
#.........###.........##......##......##.................###
###.........##........##...............#..................##
#####........##......###..................................##
######........#.....###...................................##
#######.............##.....................................#
#######.........#.###......................................#
##...###........####.......................................#
##...............##........................................#
##........###.............................................##
##..###...#####.............##............................##
#...###....####.............###..........................###
#....##....####......##...###............................###
#.....##....###......##..####...........................####
#......##...##.....#########.................###........####
#.......#.........##########........###.....####......######
##.....##.........###########....########.##################
############################################################
floor:
kkkkkkkkkkkkkkkkkkkkkkkkkkkkkkkkkkkkkkkkkkkkkkkkkkkkkkkkkkkk
kkkkkkkkkkkkkkkkkkkkkkkkkkkkkkkkkkkkkkkkkkkkkkkkkkkkkkkkkkkk
kkkkgkkkkkkkkkkkkkkkkkkkkkkkkkkkkkkkkkkkkkkkkkkkkkkkkkkkkkkk
kkkkgggkkkkkkkkkkkkkkkkkkkkkkkkkkkkkkkkkkkkkkkkkkkkkkkkkkkkk
kkkkkkggkkkkkkkkkkkkkkkkkkkkkkkkkkkkkkkkkkkkkkkkkkkkkkkkkkkk
kkkkkkkgggkkkkkkkkkkkkkkkkkkkkkkkkkkkkkkkkkkkkkkkkkkkkkkkkkk
kkkkkkkkkggkkkkkkkkkkkkkkkkkkkkkkkkkkkkkkkkkkkkkkkkkkkkkkkkk
kkkkkkkkkkgggkkkkkkkkkkkkkkkggkkkkgkkgkkkkkkkkkkkkkkggkkkkkk
kkkkkkkkkkkkggkkkkkkkkkkkkkggkkkkkkkkggkkkkkkkkkkkkgggkkkkkk
kkkkkkkkkkkkkgkkkkkkkkkkkkggkkkkkkkkkggkkkkkkkkkkkkgggkkkkkk
kkkkkkkkgkkkkkkkkkkkkkkkkggkkkkkkkkkggkkkkkkkkkkkggggkkkkkkk
kkkgkgkkgkkkkkkkkkggkkkgggkkkkkkkkkkgkkkkkkkkggkkkkkkkkkkkkk
kkgkkkkkkkkkkkkkgggkkkggkkkkkkkkkkkkkkkkggkkggkkkkkkkkkkkkkk
kkgkkkkkkkkkkkkgggkkkkkkkkkkkkkkkkkgkkggggggkkkkkkkkkkkkkkkk
kkgkkkkkkkkkkkkkggkkkkkkkkkkkkkkkkgggggkkkkkkkkkkkkkkkkkkkkk
kkkgkkkkkkgkkkkkgkkkkkkkkkkkkkkkkkkggkkkkkkkkkkkkkkkkkkkkkkk
kkkggkkkkkkgkkkkkkkkkkkkkkkkkkkkkkkkkkkkkkkkkkkkkkkkkkkkkkkk
kkkkkkkkkkkkgkkkkkkkkkkkkkkkkkkkkkkkkkkkkkkkkkkkkkkkkkkkkkkk
kkkkkkkkkkkkkkkkkkkkkkkkkkkkkkkkkkkkkkkkkkkkkkkkkkkkkkkkkkkk
kkkkkkkkkkkkkkkkkkkkkkkkkkkkkkkkkkkkkkkkkkkkkkkkkkkkkkkkkkkk
decor:
............................................................
...............b....................................b.......
......b........bb.vf.........................b..b..fb.......
.............r...f.......,,,.....bb.r........b..br.vf,......
...,,..f.v.r..r.................b..f.r.........bb...fv,..r..
.....,................................................bb....
......r.................b................................r..
..................,,...b....................................
.................,................b.........................
..................................b.....................f...
.......................................b.................r..
....,,.......,............b.................................
.......................f.b...............................r..
............................................................
.r..................r................,r...........rr,.r.....
.r......r..........r...........f.r...,bbf.vf......v,........
................f.b.........b..v,,.....b.bvv......,b........
....r.....r....f.b...........b....................b.........
.....bb.....b...............................................
............................................................
props:
............................................................
...TT|X.......X.||||X...........................TTXB........
.....|..T....B...........XBTT....XX.........|.XT.....||.....
.T.......T....@.........X...TT..|....T..BBT.B.||......||X...
....................TT..X....TTT.@......TT.............||...
....................T...@.....|||.......................|T..
...................T...T......@.........................|...
......................T...........................@.......T.
.....................T@............@......./TT..............
..TT................TT...........T.@........T|@/..........X.
..........TT@.......T.........../|T...........@...........X.
............................T.........TT.................X..
..........................TT...........T............@.......
.T.....T........@........TT............................@....
.......T................TT...........................|.TT...
.......................BT..........@@........||.....||TX....
.B.......T.........................|||B.B...........|TXX....
.XB......T......T...........T..@@|.|...XXTTT....||.TXT......
..XTX....XXB..XTTX...........TTXX........X..................
............................................................
ceiling:
............................................................
............................................................
............................................................
............................................................
............................................................
............................................................
............................................................
............................................................
............................................................
............................................................
............................................................
............................................................
............................................................
............................................................
............................................................
............................................................
............................................................
............................................................
............................................................
............................................................
enemies:
chests:
