name: forest_path
materials: field
quiet: 
size: 60x30
start: 13 25 west
walls:
#############+##############################################
#......++####+.......###########################.....#######
#........+###........####....####..#########...........#####
#........=+##.........##......##......##.................###
#...........##........##...............#..................##
#...#........##......+##..................................##
#..+##........#.....###...................................##
#..#+##.............##.....................................#
#...###.........#.+++......................................#
#+..####........####.......................................#
#+...##..........##........................................#
##...##...&##.............................................##
##..###...#####.............##............................##
#...###....####.............###..........................###
#....##....####......$$...###............................###
#.....##....###......#$..####...........................####
#......#&...##.....&########.................###........####
#.......#.........##########........###.....####......######
##....####.......############....########.##################
##...#######################################################
##....######################################################
+##...######################################################
++#...######################################################
+###...##...################################################
###............#############################################
##.............#############################################
##.............#############################################
##.......###################################################
####.#######################################################
############################################################
floor:
kkkkkkkkkkkkkkkkkkkkkkkkkkkkkkkkkkkkkkkkkkkkkkkkkkkkkkkkkkkk
kkkkkkkkkkkkkkkkkkkkkkkkkkkkkkkkkkkkkkkkkkkkkkkkkkkkkkkkkkkk
kkkkgkkkkkkkkkkkkkkkkkkkkkkkkkkkkkkkkkkkkkkkkkkkkkkkkkkkkkkk
kkkkgggkkkkkkkkkkkkkkkkkkkkkkkkkkkkkkkkkkkkkkkkkkkkkkkkkkkkk
kkkkkkggkkkkkkkkkkkkkkkkkkkkkkkkkkkkkkkkkkkkkkkkkkkkkkkkkkkk
kkkkkkkgggkkkkkkkkkkkkkkkkkkkkkkkkkkkkkkkkkkkkvvkkkkkkkkkkkk
kkkkkkkkkggkkkkkkkkkkkkkkkkkkkkkkkkkkkkkkkkkk.kk..kkkkkkkkkk
kkkkkkkkkkgggkkkkkkkkkkkkkkkggkkkkgkkgkkkkkkk>kkk<kkggkkkkkk
kkkkkkkkkkkkggkkkkkkkkkkkkkggkkkkkkkkgvkkkkkk.kkk<kgggkkkkkk
kkkkkkkkkkkkkgkkkkkkkkkkkkggkkkkkkkkkggkkkkkkkk^kkkgggkkkkkk
kkkkkkkkgkkkkkkkkkkkkkkkkggkkkkkkkkkgg^kkkkkkkkkkggggkkkkkkk
kkkgkgkkgkkkkkkkkkggkkkgggkkkkkkkkkkgkkkkkkkkggkkkkkkkkkkkkk
kkgkkkkkkkkkkkkkgggkkkggkkkkkkkkkkkkkkkkggkkggkkkkkkkkkkkkkk
kkgkkkkkkkkkkkkgggkkkkkkkkkkkkkkkkkgkkggggggkkkkkkkkkkkkkkkk
kkgkkkkkkkkkkkkkggkkkkkkkkkkkkkkkkgggggkkkkkkkkkkkkkkkkkkkkk
kkkgkkkkkkgkkkkkgkkkkkkkkkkkkkkkkkkggkkkkkkkkkkkkkkkkkkkkkkk
kkkggkkkkkkgkkkkkkkkkkkkkkkkkkkkkkkkkkkkkkkkkkkkkkkkkkkkkkkk
kkkkkkkkkkkkgkkkkkkkkkkkkkkkkkkkkkkkkkkkkkkkkkkkkkkkkkkkkkkk
kkkkkkkkkkkkkkkkkkkkkkkkkkkkkkkkkkkkkkkkkkkkkkkkkkkkkkkkkkkk
kkkkkkkkkkkkkkkkkkkkkkkkkkkkkkkkkkkkkkkkkkkkkkkkkkkkkkkkkkkk
kkkkkkkkkkk.kkkkkkk.........................................
kkkkkkkkkkk.kkkkkkk.........................................
kkkkkkkkkkk.kkkkkkk.........................................
kkkkkkkk.kkkkkkkkkk.........................................
kkkkkkkkkkkkkkkkkkk.........................................
kkkkkkkkkkkkkkkkkkk.........................................
kkkkkkkkkkkkkkkkkkk.........................................
kkkkkkkkkkkkkkkkkkk.........................................
kkkkkkkkkkkkkkkkkkk.........................................
kkkkkkkkkkkkkkkkkkk.........................................
decor:
............................................................
...............b....................................b.......
...............bb.vf.........................b..b..fb.......
.............r...f.......,,,.....bb.r........b..br.vf,......
...,,....v.r..r.................b..f.r.........bb....v,..r..
.....,................................................bb....
......r.................b................................r..
..................,,...b....................................
.................,................b.........................
..................................b.....................f...
.........................................................r..
....,........,............b.................................
.......................f.b...............................r..
............................................................
.r..................r................,r...........rr,.r.....
.r......r..........r...........f.r...,bbf.vf......v,........
................f.b.........b..v,,.....b.bvv......,b........
..........r....f.b...........b....................b.........
.....b......b...............................................
............................................................
............................................................
............................................................
............................................................
............................................................
............................................................
............................................................
............................................................
............................................................
............................................................
............................................................
props:
............................................................
..(TT|X.......X.||||X...........................TTXB........
........T....B...........XBTe....XX.........|.XT.....||.....
.T.......T....@.........X...TT..|....T..BBT.B.||......||X...
....................TT..X...((TT.@....e.TT..(.......(..||...
..).................T...@....(|||..........(............|T..
...................T...T......@.)..(....................|...
.()...................T...)...............................T.
.(.....e.............T@............@......./................
...T................TT...........T.@......................X.
..........TT@.......T..)......)./|T...........@...........X.
..............e.............T............................X..
..........................TT...).......T............@.......
.T.....T........@....((..TT..........................(.@....
....(..T...............(TT...........................|.TT...
.......................BT..........@@........||e....||TX....
.B.......T.........................|||B.B........(..|TXX....
.XB.)....T......T...........T.)@@|.|...XXTTT....||.TXT......
..(.......XB..XTT............TTXX........X..................
............................................................
..()........................................................
............................................................
............................................................
............................................................
......).....................................................
....(.....).................................................
.......)....................................................
.....(......................................................
............................................................
............................................................
ceiling:
............................................................
............................................................
............................................................
............................................................
............................................................
............................................................
............................................................
............................................................
............................................................
............................................................
............................................................
............................................................
............................................................
............................................................
............................................................
............................................................
............................................................
............................................................
............................................................
............................................................
............................................................
............................................................
............................................................
............................................................
............................................................
............................................................
............................................................
............................................................
............................................................
............................................................
elevation:
000000000000000000000000000000000000000000000000000000001122
000000000000000000000000000000000000000000000000000000001112
000000000000000000000000000000000000000000000000000000000011
000000000000000000000000000000000000000000000000000000000011
000000000000000000000000000000000000000000000000000000000011
000000000000000000000000000000000000000000000000000000000001
000000000000000000000000000000000000001000000011100000000000
000000000000000000000000000000000000010100000012100000000000
000000000000000000000000000000000000000000000011100000000000
000000000000000000000000000000000000001000000000000000000000
000000000000000000000000000000000000000000000000000000000000
000000000000000000000000000000000000000000000000000000000000
000000000000000000000000000000000000000000000000000000000000
000000000000000000000000000000000000000000000000000000000001
000000000000000000000000000000000000000000000000000000000001
000000000000000000000000000000000000000000000000000000000011
000000000000000000000000000000000000000000000000000000000111
000000000000000000000000000000000000000000000000000000000112
000000000000000000000000000000000000000000000000000000022222
000000021100000000000000000000000000000000000000000000112222
000000021100000000000000000000000000000000000000000000000000
200000011100000000000000000000000000000000000000000000000000
220000000000000000000000000000000000000000000000000000000000
200000000000000000000000000000000000000000000000000000000000
000000000000000000000000000000000000000000000000000000000000
000000000000000000000000000000000000000000000000000000000000
000000000000000000000000000000000000000000000000000000000000
000000000000000000000000000000000000000000000000000000000000
000000000000000000000000000000000000000000000000000000000000
000000000000000000000000000000000000000000000000000000000000
enemies:
rat,rat,diseased_rat 8 5
rat,bat,rat 8 11
chests:
crystals:
13 24
