name: Forgotten Plaza
materials: field
quiet: The plaza remembers older days.
size: 22x18
start: 2 15 east
walls:
######################
#....................#
#....................#
#....................#
#....................#
#....................#
#....................#
#....................#
#....................#
#....................#
#....................#
#....................#
#....................#
#....................#
#....................#
#....................#
#....................#
######################
floor:
......................
......................
..ii.............nnn..
..ii.............nnn..
...........c..........
...........c..........
...........c..........
...........c..........
..........sss.........
..ccccccccsssccccccc..
..........sss.........
...........c..........
..~~~......c..........
..~~~......c..........
..~~~......c..........
..cccccccccc..........
......................
......................
decor:
......................
.....,..f.....,..f....
.....L................
........tl............
..........v.v.........
......o...............
...,..f...............
........*....*........
....Aa................
...*.............*....
......................
.....x!...............
.....r................
......................
.....r........,..f....
..............,..f....
..........L.L.........
......................
props:
......................
...K..................
....X...........T.....
.......T.......T......
...........M..........
..................S...
....T...........T.....
.........P...P........
......................
....I......F......I...
......................
.........P...P........
....T...........T.....
...............Jj.....
.......T.......jj.....
...................O..
...........Q....CRU...
......................
ceiling:
......................
......................
......................
......................
......................
......................
......................
......................
......................
......................
......................
......................
......................
......................
......................
......................
......................
......................
enemies:
rat 5 5
bat 16 5
rat,diseased_rat 5 13
bat,rat 15 13
chests:
Morsel of Cheese,Bat Jerky 8 2
Bat Jerky,Bat Jerky 13 9
Morsel of Cheese,Morsel of Cheese,Bat Jerky 18 16
