name: Mire of Maws
materials: field
quiet: The mire is heavy with stillness.
size: 20x14
start: 1 7 east
walls:
####################
#..................#
#..................#
#..................#
#..................#
#..................#
#..................#
#..................#
#..................#
#..................#
#..................#
#..................#
#..................#
####################
floor:
....................
....................
....~~~.............
...~WWW~............
...~WWW~............
....~~~.............
....................
....................
.............~~~....
............~WWW~...
............~WWW~...
.............~~~....
....................
....................
decor:
....................
..,......f..........
....rrr.............
....y.y.............
....y.y.............
....rrr.............
............t.......
....................
.............rrr....
.............y.y....
.............y.y....
.............rrr....
.....v..........t...
....................
props:
....................
...........T...T....
....................
....................
....................
.................T..
.T..................
....................
....................
....................
....................
..............T.....
.T..................
....................
ceiling:
....................
....................
....................
....................
....................
....................
....................
....................
....................
....................
....................
....................
....................
....................
enemies:
venus_mantrap,amoeba 5 8
venus_mantrap,wisp 17 4
venus_mantrap,goblin_mage 17 10
amoeba,diseased_rat 8 11
diseased_rat,vampire_bat,bat 2 2
wisp,wisp 11 6
cave_spider,venus_mantrap 13 2
vampire_bat,wisp 6 11
chests:
Bat Jerky,Bat Jerky 18 7
doors:
to_dungeon dungeon from_swamp 2 7 west
