name: Mire of Maws
materials: field
quiet: The mire is heavy with stillness.
size: 20x14
start: 1 7 east
walls:
####################
#..................#
#..................#
#..................#
#..................#
#..................#
#..................#
#..................#
#..................#
#..................#
#..................#
#..................#
#..................#
####################
floor:
....................
....................
....~~~.............
...~WWW~............
...~WWW~............
....~~~.............
....................
....................
.............~~~....
............~WWW~...
............~WWW~...
.............~~~....
....................
....................
decor:
....................
..,......f..........
....rrr.............
....y.y.............
....y.y.............
....rrr.............
............t.......
....................
.............rrr....
.............y.y....
.............y.y....
.............rrr....
.....v..........t...
....................
props:
....................
...........T...T....
....................
....................
....................
.................T..
.T..................
....................
....................
....................
....................
..............T.....
.T..................
....................
ceiling:
....................
....................
....................
....................
....................
....................
....................
....................
....................
....................
....................
....................
....................
....................
enemies:
rat 5 8
mantrap 17 4
mantrap,goblin 17 10
chests:
Bat Jerky,Bat Jerky 18 7
